test file: src/tests/test1.in
rotations: not allowed
height: free
running time: 58,92683386 seconds
