test file: src/tests/canvas_testcases/03_03_h12_ry.txt
rotations: allowed
height: fixed
algorithm: Optimal
running time: 1.91734794 seconds
