container height: free
rotations allowed: no
number of rectangles: 6
12 8
10 9
8 12
16 3
4 16
10 6
placement of rectangles
0 0
0 8
12 0
0 18
20 0
10 12