container height: free
rotations allowed: no
number of rectangles: 7
10 6
12 8
10 9
8 6
8 12
4 16
20 5
placement of rectangles
8 5
18 9
20 0
8 11
0 5
30 0
0 0
