container height: free
rotations allowed: no
number of rectangles: 26
19 11
14 6
13 9
9 6
6 20
14 6
9 10
12 9
6 8
19 7
6 6
6 7
7 13
7 8
5 15
8 5
7 6
7 10
7 7
9 5
8 5
7 5
5 6
5 5
11 6
5 8
placement of rectangles
11 26
16 4
25 15
32 42
42 18
11 16
1 15
38 3
1 29
10 37
7 7
1 0
35 24
0 41
31 0
7 45
0 8
41 38
9 0
31 37
16 11
39 12
27 44
26 10
15 44
30 24
