container height: fixed 100
rotations allowed: yes
number of rectangles: 560
3 10
2 5
9 9
7 4
9 8
3 4
9 6
9 6
4 5
7 5
7 4
6 8
10 7
6 8
8 6
5 8
2 3
5 8
9 3
4 6
9 6
8 3
6 8
8 7
8 3
9 5
2 3
10 9
9 9
6 4
8 8
7 6
9 3
8 5
6 8
4 4
4 8
9 3
2 3
8 5
4 4
6 7
4 4
4 8
7 8
5 9
3 8
6 6
8 10
3 10
7 4
9 7
7 8
4 6
7 10
5 8
5 8
8 4
7 9
4 5
7 5
9 4
2 3
5 7
4 2
3 10
5 9
6 2
7 7
4 8
4 3
4 4
9 6
3 6
8 6
4 5
9 3
7 9
6 3
4 9
2 4
2 5
4 4
5 9
8 4
3 3
9 2
6 3
2 6
3 7
4 3
9 2
6 8
3 5
8 2
9 5
3 3
6 5
2 7
7 6
5 4
3 7
5 4
2 7
3 3
9 3
8 6
3 2
4 7
5 4
4 3
4 2
4 7
9 6
3 5
9 5
5 7
7 7
8 7
2 7
4 8
4 6
2 4
3 4
4 2
3 8
4 4
5 5
7 6
3 6
3 9
4 4
7 4
4 2
2 6
7 3
4 5
2 3
3 9
4 8
5 3
2 10
8 6
3 3
5 3
4 3
7 3
4 2
9 6
5 2
3 5
3 8
3 3
5 5
5 3
4 2
3 5
2 7
8 2
5 4
3 3
4 3
7 4
2 5
4 4
2 4
4 5
4 7
3 2
3 3
4 4
2 3
4 2
5 3
4 2
5 2
8 3
5 3
2 4
3 3
9 4
4 4
9 6
5 2
2 4
7 2
4 7
2 4
3 8
4 2
7 7
5 3
4 4
7 2
3 2
2 8
3 3
6 2
4 2
3 4
7 5
3 8
2 8
5 3
2 6
10 3
3 4
5 5
3 3
3 3
9 2
6 2
5 3
2 5
2 5
3 4
5 4
2 6
4 3
3 4
4 3
8 3
3 7
4 5
8 6
4 2
8 2
2 5
2 10
3 9
3 3
2 5
4 2
2 4
8 2
6 5
3 2
3 4
5 3
6 3
2 2
2 4
2 5
6 2
2 3
3 6
5 2
2 5
5 2
3 3
4 2
4 4
4 4
4 2
2 4
4 5
3 2
3 2
2 4
6 2
7 2
6 6
2 2
3 3
4 4
3 3
5 3
2 4
6 2
4 2
4 2
4 7
3 6
3 4
3 4
4 4
2 3
5 2
3 3
4 2
3 4
3 4
4 4
2 5
3 2
5 2
2 5
2 7
4 2
2 3
4 2
4 3
2 5
2 4
4 2
3 2
2 4
2 4
6 3
3 3
3 2
4 4
6 2
3 5
4 2
2 2
2 2
3 4
2 3
3 3
2 6
3 4
2 8
2 5
8 2
4 2
2 8
2 4
3 2
3 2
4 4
2 2
2 3
2 4
5 2
2 3
2 2
3 2
2 3
3 3
2 6
3 2
4 2
3 3
2 3
2 4
3 5
3 2
4 3
2 2
3 3
6 2
2 2
3 2
3 2
3 2
2 2
3 3
2 4
2 4
2 2
2 2
3 2
2 3
2 3
5 2
2 2
2 4
2 4
5 3
3 4
3 3
8 2
2 3
6 2
4 2
3 4
2 3
3 2
6 2
2 3
3 3
2 2
4 2
7 2
3 4
3 5
2 7
2 5
4 2
4 3
3 2
4 3
3 2
7 2
2 9
3 3
2 4
3 2
3 2
3 2
6 2
2 4
3 3
2 2
2 2
2 3
2 3
2 3
2 3
5 2
2 3
3 2
3 2
3 3
2 3
2 3
2 4
3 3
2 5
3 2
3 3
2 2
3 2
2 2
3 5
3 2
6 2
2 4
3 2
5 2
2 3
2 6
3 2
2 2
2 2
6 2
3 3
2 2
2 3
2 3
2 3
3 4
4 2
4 2
5 2
2 2
2 4
3 2
2 2
2 7
2 3
2 3
3 2
3 2
2 6
2 3
3 2
2 4
3 3
2 3
2 4
2 7
4 3
2 3
2 3
2 2
3 2
3 2
6 2
3 2
2 2
3 3
2 2
3 2
2 2
2 4
2 2
2 2
3 2
4 2
2 2
2 3
2 3
2 3
2 2
2 4
2 2
2 2
2 2
3 3
2 5
2 2
2 2
2 2
3 2
2 2
2 3
2 3
2 3
3 2
2 2
2 2
4 2
2 2
2 2
2 3
2 3
2 3
2 2
2 2
2 3
2 3
2 3
2 3
2 3
3 2
2 3
2 4
2 3
3 2
2 2
2 2
4 2
2 2
2 2
2 3
5 2
2 2
2 2
2 2
3 2
2 2
3 2
2 2
2 2
3 2
2 4
3 2
2 2
2 3
3 2
2 3
2 3
2 2
2 2
2 2
2 2
2 2
2 2
2 3
2 2
2 2
2 2
2 2
4 2
2 3
2 2
3 2
2 2
3 2
2 2
2 2
3 2
2 2
3 2
2 2
3 2
2 3
2 2
placement of rectangles
no 13 79
no 27 67
no 90 9
no 3 71
no 87 90
no 33 70
no 48 7
no 32 64
no 10 1
no 18 61
no 14 96
no 77 91
no 1 46
no 2 26
no 82 52
no 81 62
no 15 69
no 19 88
no 36 9
no 70 31
no 25 51
no 45 23
no 21 78
no 87 59
no 92 47
no 47 94
no 28 34
no 41 64
no 36 73
no 24 86
no 42 15
no 64 57
no 84 5
no 76 41
no 60 77
no 30 13
no 11 59
no 21 74
no 91 69
no 56 37
no 86 84
no 54 63
no 75 58
no 56 70
no 77 17
no 66 78
no 29 92
no 51 29
no 10 7
no 15 22
no 75 54
no 66 16
no 32 23
no 86 17
no 23 8
no 1 36
no 20 50
no 76 25
no 74 30
no 18 3
no 65 68
no 53 51
no 9 90
no 78 76
no 71 57
no 13 38
no 32 40
no 48 92
no 92 32
no 39 30
no 94 84
no 82 86
no 68 90
no 48 49
no 40 38
no 81 0
no 56 94
no 65 38
no 58 91
no 7 36
no 54 83
no 98 76
no 51 15
no 60 14
no 22 46
no 48 80
no 87 80
no 32 3
no 58 15
no 6 87
no 12 93
no 66 0
no 32 86
no 45 5
no 90 88
no 63 4
no 51 59
no 57 7
no 65 23
no 36 53
no 28 18
no 4 1
no 68 50
no 47 85
no 55 42
no 90 40
no 0 80
no 73 87
no 51 76
no 89 1
no 74 79
no 61 71
no 5 58
no 5 18
no 75 2
no 76 71
no 26 60
no 22 27
no 67 9
no 91 19
no 22 66
no 41 92
no 53 55
no 0 74
no 32 33
no 89 32
no 34 13
no 51 37
no 44 55
no 32 94
no 82 29
no 53 87
no 19 18
no 0 78
no 87 26
no 10 55
no 27 22
no 9 63
no 94 22
no 96 67
no 28 78
no 16 86
no 16 40
no 42 5
no 0 91
no 93 44
no 84 45
no 13 73
no 48 0
no 32 36
no 17 74
no 84 76
no 64 31
no 76 47
no 11 49
no 71 59
no 39 86
no 38 42
no 43 32
no 38 60
no 34 59
no 33 83
no 46 44
no 39 2
no 36 19
no 70 63
no 70 25
no 87 70
no 7 24
no 75 13
no 1 59
no 43 27
no 60 45
no 93 56
no 69 88
no 0 20
no 56 48
no 17 34
no 19 46
no 27 40
no 90 52
no 63 52
no 78 9
no 94 7
no 0 3
no 17 59
no 77 83
no 58 27
no 19 23
no 59 85
no 1 11
no 95 19
no 10 24
no 7 53
no 63 74
no 73 40
no 19 69
no 26 4
no 86 23
no 43 49
no 41 0
no 73 69
no 61 25
no 6 75
no 86 36
no 60 65
no 39 82
no 10 29
no 50 26
no 52 73
no 7 67
no 76 39
no 36 96
no 16 50
no 67 31
no 14 18
no 27 82
no 84 18
no 85 48
no 74 65
no 19 13
no 57 87
no 83 91
no 14 1
no 55 57
no 35 1
no 5 98
no 51 54
no 30 31
no 10 81
no 73 62
no 58 0
no 90 67
no 49 39
no 43 61
no 1 65
no 29 6
no 93 72
no 53 24
no 94 2
no 32 38
no 47 28
no 37 37
no 47 83
no 11 69
no 16 80
no 43 53
no 91 82
no 24 37
no 40 25
no 39 28
no 0 94
no 23 0
no 72 83
no 27 96
no 57 32
no 45 12
no 75 7
no 73 96
no 83 15
no 71 77
no 45 73
no 70 96
no 75 9
no 95 59
no 86 32
no 66 73
no 13 75
no 4 56
no 65 48
no 18 72
no 38 12
no 97 92
no 83 58
no 53 20
no 30 9
no 22 34
no 24 6
no 20 8
no 34 49
no 77 63
no 72 3
no 60 0
no 67 23
no 64 10
no 26 90
no 45 26
no 30 71
no 36 70
no 93 19
no 61 12
no 61 97
no 81 46
no 38 92
no 51 35
no 65 92
no 24 23
no 8 83
no 2 8
no 17 66
no 87 77
no 42 83
no 53 45
no 50 85
no 90 29
no 33 6
no 1 98
no 33 76
no 8 9
no 30 57
no 91 74
no 89 48
no 11 41
no 25 92
no 86 98
no 79 60
no 51 64
no 96 63
no 64 34
no 81 7
no 65 96
no 74 85
no 30 87
no 98 23
no 1 34
no 27 1
no 10 34
no 0 18
no 0 29
no 42 89
no 11 72
no 19 11
no 66 2
no 14 35
no 0 25
no 17 17
no 78 0
no 43 34
no 7 94
no 41 45
no 87 66
no 35 7
no 55 27
no 24 40
no 58 5
no 19 86
no 4 75
no 1 86
no 8 2
no 2 4
no 72 65
no 98 90
no 57 78
no 58 23
no 33 80
no 11 90
no 61 74
no 48 35
no 30 43
no 89 26
no 95 76
no 38 49
no 60 63
no 21 97
no 24 58
no 89 43
no 73 48
no 15 60
no 1 22
no 74 52
no 97 29
no 0 0
no 46 49
no 39 23
no 92 50
no 97 43
no 87 10
no 56 17
no 98 83
no 78 15
no 68 54
no 53 47
no 55 80
no 29 0
no 0 53
no 8 26
no 19 0
no 45 96
no 25 43
no 44 36
no 71 23
no 58 43
no 45 89
no 19 31
no 78 69
no 66 76
no 15 32
no 30 67
no 43 12
no 51 50
no 2 44
no 16 46
no 64 90
no 0 71
no 31 60
no 57 12
no 20 66
no 34 9
no 45 79
no 9 58
no 29 29
no 36 32
no 81 84
no 32 1
no 8 78
no 33 17
no 11 96
no 40 47
no 71 73
no 52 42
no 95 98
no 91 56
no 94 66
no 21 38
no 10 78
no 93 78
no 50 13
no 56 83
no 0 57
no 41 49
no 56 91
no 28 43
no 17 55
no 85 3
no 65 88
no 93 82
no 18 51
no 75 19
no 19 16
no 26 20
no 19 79
no 63 68
no 71 79
no 97 0
no 17 37
no 34 53
no 15 64
no 35 62
no 85 71
no 69 47
no 4 95
no 74 23
no 85 25
no 56 97
no 25 97
no 84 38
no 61 68
no 96 5
no 22 4
no 57 55
no 81 5
no 75 0
no 78 6
no 35 38
no 51 62
no 0 44
no 27 92
no 98 57
no 34 31
no 24 35
no 41 98
no 55 55
no 12 34
no 85 0
no 86 42
no 80 52
no 62 33
no 45 93
no 66 94
no 54 92
no 50 19
no 4 86
no 70 98
no 55 78
no 72 37
no 1 63
no 7 69
no 64 1
no 43 24
no 23 97
no 87 88
no 63 26
no 74 28
no 42 87
no 40 19
no 37 83
no 11 38
no 49 29
no 30 48
no 79 58
no 46 10
no 75 16
no 22 22
no 53 70
no 14 52
no 4 77
no 97 27
no 13 70
no 15 75
no 2 55
no 27 72
no 47 26
no 22 25
no 32 74
no 60 23
no 65 13
no 17 69
no 2 24
no 8 80
no 39 0
no 46 34
no 83 84
no 82 38
no 78 67
no 49 90
no 8 12
no 72 55
no 83 48
no 64 50
no 84 41
no 68 28
no 35 94
no 0 7
no 88 40
no 53 27
no 54 49
no 63 24
no 65 36
no 87 82
no 96 80
no 71 85
no 32 31
no 0 32
no 98 88
no 3 18
no 0 89
no 61 4
no 6 78
no 87 8
no 93 76
no 29 2
no 18 53
no 8 16
no 63 85
no 8 14
no 34 51
no 59 12
no 93 5
no 98 63
no 0 55
