container height: free
rotations allowed: yes
number of rectangles: 42
16 6
5 16
16 8
9 11
12 9
4 4
4 12
8 10
5 4
9 8
9 11
10 5
6 13
7 5
5 4
4 16
6 12
10 4
4 16
8 4
5 6
5 4
15 5
11 4
5 6
6 5
5 5
5 5
7 5
9 5
5 7
4 5
5 4
4 5
4 4
5 4
4 4
5 4
4 4
6 4
4 4
5 4
placement of rectangles
no 18 38
no 11 6
no 2 28
no 21 7
no 32 0
yes 24 45
no 4 13
yes 39 35
no 29 32
yes 38 22
no 3 38
no 19 30
yes 25 18
yes 2 6
yes 34 30
yes 8 1
yes 22 24
no 30 44
no 46 17
no 31 9
no 27 0
yes 9 22
yes 45 2
yes 13 38
no 16 20
yes 39 16
yes 45 44
yes 17 45
no 0 0
yes 16 7
no 40 43
no 34 37
yes 0 18
no 40 9
no 39 31
yes 34 13
yes 34 26
yes 7 7
yes 30 14
yes 21 18
yes 17 16
yes 0 23
