container height: free
rotations allowed: no
number of rectangles: 40
11 6
9 15
5 14
4 9
14 11
9 5
14 15
13 13
4 12
5 15
5 6
5 11
6 4
9 9
4 10
5 5
7 4
6 5
5 6
4 5
7 5
5 10
5 6
4 7
5 4
6 5
6 5
6 4
5 4
7 5
6 5
5 4
5 4
4 5
5 5
4 5
8 5
6 4
4 5
4 5
placement of rectangles
10 16
34 12
3 6
32 2
9 0
19 45
29 35
1 33
15 28
44 26
44 17
23 14
28 13
23 26
44 5
16 11
1 46
4 21
21 38
43 45
0 26
10 22
38 1
14 42
25 4
33 27
15 23
23 0
44 41
0 1
43 0
8 11
24 8
40 29
29 19
19 33
36 7
8 46
19 28
0 20
